epoch,iso,elapsed_h,gpu,util_pct,mem_used_mb,mem_total_mb,our_trial_procs,foreign_mem_mb,verdict,journal_nodes,best_val_bpb,current_node
1787301264.3323789,2026-08-21T08:34:24Z,0.00,0,0,2187,143771,3,2166,STARTUP_OR_EVAL,26,0.972938,3027e6ae
1787303064.3463488,2026-08-21T09:04:24Z,0.50,0,100,71166,143771,36,2166,TRAINING,29,0.972938,faac0edd
1787304864.3602612,2026-08-21T09:34:24Z,1.00,0,0,9200,143771,0,9174,IDLE,30,0.97289,4224e469
1787306664.3742604,2026-08-21T10:04:24Z,1.50,0,0,22252,143771,0,22226,IDLE,30,0.97289,4224e469
1787308464.3882542,2026-08-21T10:34:24Z,2.00,0,100,22252,143771,0,22226,IDLE,30,0.97289,4224e469
1787310264.4022968,2026-08-21T11:04:24Z,2.50,0,69,22252,143771,0,22226,IDLE,30,0.97289,4224e469
1787312064.4162054,2026-08-21T11:34:24Z,3.00,0,0,2187,143771,0,2166,IDLE,30,0.97289,4224e469
1787313864.430522,2026-08-21T12:04:24Z,3.50,0,0,2187,143771,0,2166,IDLE,30,0.97289,4224e469
1787315664.4453971,2026-08-21T12:34:24Z,4.00,0,100,9647,143771,0,9580,IDLE,30,0.97289,4224e469
1787317464.4613278,2026-08-21T13:04:24Z,4.50,0,99,11983,143771,0,11916,IDLE,30,0.97289,4224e469
1787319264.4758997,2026-08-21T13:34:24Z,5.00,0,100,11983,143771,0,11916,IDLE,30,0.97289,4224e469
1787321064.4925036,2026-08-21T14:04:24Z,5.50,0,0,2187,143771,0,2166,IDLE,30,0.97289,4224e469
1787322864.506435,2026-08-21T14:34:24Z,6.00,0,98,9697,143771,0,9630,IDLE,30,0.97289,4224e469
1787324664.5203342,2026-08-21T15:04:24Z,6.50,0,99,12033,143771,0,11966,IDLE,30,0.97289,4224e469
1787326464.5344627,2026-08-21T15:34:24Z,7.00,0,100,12033,143771,0,11966,IDLE,30,0.97289,4224e469
1787328264.548961,2026-08-21T16:04:24Z,7.50,0,0,2187,143771,0,2166,IDLE,30,0.97289,4224e469
1787330064.5624676,2026-08-21T16:34:24Z,8.00,0,0,2187,143771,0,2166,IDLE,30,0.97289,4224e469
1787331864.5766675,2026-08-21T17:04:24Z,8.50,0,95,9527,143771,0,9460,IDLE,30,0.97289,4224e469
1787333664.5907693,2026-08-21T17:34:24Z,9.00,0,100,9707,143771,0,9640,IDLE,30,0.97289,4224e469
1787335464.604807,2026-08-21T18:04:24Z,9.50,0,100,12041,143771,0,11974,IDLE,30,0.97289,4224e469
1787337264.6190927,2026-08-21T18:34:24Z,10.00,0,0,2187,143771,0,2166,IDLE,30,0.97289,4224e469
1787339064.6327727,2026-08-21T19:04:24Z,10.50,0,96,9469,143771,0,9402,IDLE,30,0.97289,4224e469
1787340864.6465847,2026-08-21T19:34:24Z,11.00,0,100,9695,143771,0,9628,IDLE,30,0.97289,4224e469
1787342664.6608236,2026-08-21T20:04:24Z,11.50,0,100,12027,143771,0,11960,IDLE,30,0.97289,4224e469
1787344464.6781723,2026-08-21T20:34:24Z,12.00,0,0,2187,143771,0,2166,IDLE,30,0.97289,4224e469
1787346264.6962402,2026-08-21T21:04:24Z,12.50,0,99,9691,143771,0,9624,IDLE,30,0.97289,4224e469
1787348064.7147222,2026-08-21T21:34:24Z,13.00,0,99,9707,143771,0,9640,IDLE,30,0.97289,4224e469
1787349864.732976,2026-08-21T22:04:24Z,13.50,0,99,12035,143771,0,11968,IDLE,30,0.97289,4224e469
1787351664.7475495,2026-08-21T22:34:24Z,14.00,0,0,2187,143771,0,2166,IDLE,30,0.97289,4224e469
1787353464.762312,2026-08-21T23:04:24Z,14.50,0,0,2187,143771,0,2166,IDLE,30,0.97289,4224e469
1787355264.7773209,2026-08-21T23:34:24Z,15.00,0,0,2187,143771,0,2166,IDLE,30,0.97289,4224e469
1787357064.7914038,2026-08-22T00:04:24Z,15.50,0,0,2187,143771,0,2166,IDLE,30,0.97289,4224e469
1787358864.8118656,2026-08-22T00:34:24Z,16.00,0,0,2187,143771,0,2166,IDLE,30,0.97289,4224e469
1787360664.8477702,2026-08-22T01:04:24Z,16.50,0,0,2187,143771,0,2166,IDLE,30,0.97289,4224e469
1787362464.9073727,2026-08-22T01:34:24Z,17.00,0,0,2187,143771,0,2166,IDLE,30,0.97289,4224e469
1787364264.981338,2026-08-22T02:04:25Z,17.50,0,0,2187,143771,0,2166,IDLE,30,0.97289,4224e469
1787366065.0409377,2026-08-22T02:34:25Z,18.00,0,0,2187,143771,0,2166,IDLE,30,0.97289,4224e469
1787367865.1292896,2026-08-22T03:04:25Z,18.50,0,0,2187,143771,0,2166,IDLE,30,0.97289,4224e469
1787369665.1931822,2026-08-22T03:34:25Z,19.00,0,0,2187,143771,0,2166,IDLE,30,0.97289,4224e469
1787371465.2792683,2026-08-22T04:04:25Z,19.50,0,0,2187,143771,0,2166,IDLE,30,0.97289,4224e469
