epoch,iso,elapsed_h,gpu,util_pct,mem_used_mb,mem_total_mb,our_trial_procs,foreign_mem_mb,verdict,journal_nodes,best_val_bpb,current_node
1787548747.9066052,2026-08-24T05:19:07Z,0.00,7,0,4,143771,1,0,STARTUP_OR_EVAL,103,0.969615,e0cd4ba9
1787550547.9207227,2026-08-24T05:49:07Z,0.50,7,0,75257,143771,0,75240,IDLE,103,0.969615,841ece84
1787552347.9348557,2026-08-24T06:19:07Z,1.00,7,100,75257,143771,1,75240,TRAINING,103,0.969615,841ece84
1787554147.949182,2026-08-24T06:49:07Z,1.50,7,100,75257,143771,1,75240,TRAINING,106,0.969615,90e8cc33
1787555947.9633772,2026-08-24T07:19:07Z,2.00,7,100,75257,143771,37,75240,TRAINING,105,0.969615,90e8cc33
1787557747.9775977,2026-08-24T07:49:07Z,2.50,7,99,45949,143771,0,45940,IDLE,107,0.969615,137deafa
1787559547.9913886,2026-08-24T08:19:08Z,3.00,7,0,4,143771,37,0,STARTUP_OR_EVAL,108,0.969615,14dab66c
1787561348.0055861,2026-08-24T08:49:08Z,3.50,7,99,43897,143771,0,43888,IDLE,109,0.969615,586597ce
1787563148.0199664,2026-08-24T09:19:08Z,4.00,7,100,78649,143771,0,78640,IDLE,111,0.969615,2f36e383
1787564948.0336528,2026-08-24T09:49:08Z,4.50,7,42,78649,143771,37,78640,STARTUP_OR_EVAL,112,0.969615,d3f0110e
1787566748.0474715,2026-08-24T10:19:08Z,5.00,7,16,78649,143771,0,78640,IDLE,113,0.969615,b07eeb76
1787568548.0614512,2026-08-24T10:49:08Z,5.50,7,0,4,143771,0,0,IDLE,115,0.969615,7bd5b482
1787570348.0754442,2026-08-24T11:19:08Z,6.00,7,100,94739,143771,4,94730,TRAINING,116,0.969615,5ca39067
1787572148.0894349,2026-08-24T11:49:08Z,6.50,7,59,1627,143771,0,1612,IDLE,118,0.969615,aae46fa6
1787573948.1035166,2026-08-24T12:19:08Z,7.00,7,51,8507,143771,1,8492,TRAINING,118,0.969615,aae46fa6
1787575748.1176167,2026-08-24T12:49:08Z,7.50,7,0,4,143771,1,0,STARTUP_OR_EVAL,116,0.969615,cc382eea
1787577548.1315002,2026-08-24T13:19:08Z,8.00,7,99,78649,143771,1,78640,TRAINING,117,0.969615,62685879
1787579348.1452534,2026-08-24T13:49:08Z,8.50,7,14,9501,143771,1,11158,STARTUP_OR_EVAL,117,0.969615,62685879
1787581148.159026,2026-08-24T14:19:08Z,9.00,7,90,2643,143771,1,2634,TRAINING,118,0.969615,510719e1
1787582948.1748557,2026-08-24T14:49:08Z,9.50,7,99,2583,143771,37,2568,TRAINING,118,0.969615,510719e1
